// Jest Snapshot v1, https://goo.gl/fbAQLP

exports[`api/github/login with GET api/github/login returns 302, redirect to GitHub 1`] = `"https://github.com/login/oauth/authorize?scope=read:org&client_id=test-github-oauth-client-id"`;
